// Jest Snapshot v1, https://goo.gl/fbAQLP

exports[`should render ExpenseListItem with an expense 1`] = `
<div>
  <Link
    replace={false}
    to="/edit/1"
  >
    <h3>
      Gum
    </h3>
  </Link>
  <div>
    195
    -
    Dec 31st 69
  </div>
</div>
`;
