// Jest Snapshot v1, https://goo.gl/fbAQLP

exports[`should render Not Found component 1`] = `
<div>
  404 - not found - 
  <Link
    replace={false}
    to="/"
  >
    Go Home
  </Link>
</div>
`;
